2026-05-13 02:03:31 [INFO] Starting minecraft server version Beta 1.7.3
2026-05-13 02:03:31 [INFO] Loading properties
2026-05-13 02:03:31 [WARNING] server.properties does not exist
2026-05-13 02:03:31 [INFO] Generating new properties file
2026-05-13 02:03:31 [INFO] Starting Minecraft server on *:25565
2026-05-13 02:03:31 [WARNING] Failed to load ban list: java.io.FileNotFoundException: banned-players.txt (The system cannot find the file specified)
2026-05-13 02:03:31 [WARNING] Failed to load ip ban list: java.io.FileNotFoundException: banned-ips.txt (The system cannot find the file specified)
2026-05-13 02:03:31 [WARNING] Failed to load ip ban list: java.io.FileNotFoundException: ops.txt (The system cannot find the file specified)
2026-05-13 02:03:31 [WARNING] Failed to load white-list: java.io.FileNotFoundException: white-list.txt (The system cannot find the file specified)
2026-05-13 02:03:31 [INFO] Preparing level "world"
2026-05-13 02:03:31 [INFO] Preparing start region for level 0
2026-05-13 02:03:32 [INFO] Preparing spawn area: 24%
2026-05-13 02:03:33 [INFO] Preparing spawn area: 44%
2026-05-13 02:03:34 [INFO] Preparing spawn area: 57%
2026-05-13 02:03:35 [INFO] Preparing spawn area: 69%
2026-05-13 02:03:36 [INFO] Preparing spawn area: 77%
2026-05-13 02:03:37 [INFO] Preparing spawn area: 89%
2026-05-13 02:03:37 [INFO] Preparing start region for level 1
2026-05-13 02:03:38 [INFO] Preparing spawn area: 4%
2026-05-13 02:03:39 [INFO] Preparing spawn area: 28%
2026-05-13 02:03:40 [INFO] Preparing spawn area: 40%
2026-05-13 02:03:41 [INFO] Preparing spawn area: 53%
2026-05-13 02:03:42 [INFO] Preparing spawn area: 61%
2026-05-13 02:03:43 [INFO] Preparing spawn area: 69%
2026-05-13 02:03:44 [INFO] Preparing spawn area: 81%
2026-05-13 02:03:45 [INFO] Preparing spawn area: 89%
2026-05-13 02:03:46 [INFO] Preparing spawn area: 97%
2026-05-13 02:03:46 [INFO] Done (15755585600ns)! For help, type "help" or "?"
2026-05-13 02:04:19 [INFO] /127.0.0.1:60105 lost connection
2026-05-13 02:04:48 [INFO] Starting minecraft server version Beta 1.7.3
2026-05-13 02:04:48 [INFO] Loading properties
2026-05-13 02:04:48 [INFO] Starting Minecraft server on *:25565
2026-05-13 02:04:48 [WARNING] **** SERVER IS RUNNING IN OFFLINE/INSECURE MODE!
2026-05-13 02:04:48 [WARNING] The server will make no attempt to authenticate usernames. Beware.
2026-05-13 02:04:48 [WARNING] While this makes the game possible to play without internet access, it also opens up the ability for hackers to connect with any username they choose.
2026-05-13 02:04:48 [WARNING] To change this, set "online-mode" to "true" in the server.settings file.
2026-05-13 02:04:48 [INFO] Preparing level "world"
2026-05-13 02:04:48 [INFO] Preparing start region for level 0
2026-05-13 02:04:49 [INFO] Preparing spawn area: 73%
2026-05-13 02:04:50 [INFO] Preparing spawn area: 93%
2026-05-13 02:04:50 [INFO] Preparing start region for level 1
2026-05-13 02:04:51 [INFO] Preparing spawn area: 20%
2026-05-13 02:04:52 [INFO] Preparing spawn area: 36%
2026-05-13 02:04:53 [INFO] Preparing spawn area: 48%
2026-05-13 02:04:54 [INFO] Preparing spawn area: 60%
2026-05-13 02:04:55 [INFO] Preparing spawn area: 69%
2026-05-13 02:04:56 [INFO] Preparing spawn area: 77%
2026-05-13 02:04:58 [INFO] Preparing spawn area: 85%
2026-05-13 02:04:59 [INFO] Preparing spawn area: 97%
2026-05-13 02:05:00 [INFO] Done (11532120300ns)! For help, type "help" or "?"
2026-05-13 02:05:17 [INFO] Useless7695 [/127.0.0.1:60120] logged in with entity id 1258 at (-0.5, 71.62000000476837, 6.5)
2026-05-13 02:05:23 [WARNING] Useless7695 was kicked for floating too long!
2026-05-13 02:05:23 [WARNING] Useless7695 was kicked for floating too long!
2026-05-13 02:05:23 [WARNING] Useless7695 was kicked for floating too long!
2026-05-13 02:05:23 [WARNING] Useless7695 was kicked for floating too long!
2026-05-13 02:05:23 [WARNING] Useless7695 was kicked for floating too long!
2026-05-13 02:05:23 [WARNING] Useless7695 was kicked for floating too long!
2026-05-13 02:05:23 [WARNING] Useless7695 was kicked for floating too long!
2026-05-13 02:05:23 [WARNING] Useless7695 was kicked for floating too long!
2026-05-13 02:05:23 [WARNING] Useless7695 was kicked for floating too long!
2026-05-13 02:05:23 [WARNING] Useless7695 was kicked for floating too long!
2026-05-13 02:05:23 [WARNING] Useless7695 was kicked for floating too long!
2026-05-13 02:05:23 [WARNING] Useless7695 was kicked for floating too long!
2026-05-13 02:05:23 [WARNING] Useless7695 was kicked for floating too long!
2026-05-13 02:05:23 [WARNING] Useless7695 was kicked for floating too long!
2026-05-13 02:05:23 [WARNING] Useless7695 was kicked for floating too long!
2026-05-13 02:05:23 [WARNING] Useless7695 was kicked for floating too long!
2026-05-13 02:05:23 [WARNING] Useless7695 was kicked for floating too long!
2026-05-13 02:05:23 [WARNING] Useless7695 was kicked for floating too long!
2026-05-13 02:05:23 [WARNING] Useless7695 was kicked for floating too long!
2026-05-13 02:05:23 [WARNING] Useless7695 was kicked for floating too long!
2026-05-13 02:05:23 [WARNING] Useless7695 was kicked for floating too long!
2026-05-13 02:05:23 [WARNING] Useless7695 was kicked for floating too long!
2026-05-13 02:05:23 [WARNING] Useless7695 was kicked for floating too long!
2026-05-13 02:05:24 [WARNING] Useless7695 was kicked for floating too long!
2026-05-13 02:05:24 [WARNING] Useless7695 was kicked for floating too long!
2026-05-13 02:05:24 [WARNING] Useless7695 was kicked for floating too long!
2026-05-13 02:05:24 [WARNING] Useless7695 was kicked for floating too long!
2026-05-13 02:05:24 [WARNING] Useless7695 was kicked for floating too long!
2026-05-13 02:05:24 [WARNING] Useless7695 was kicked for floating too long!
2026-05-13 02:05:24 [INFO] Useless7695 lost connection: disconnect.quitting
2026-05-13 02:05:24 [WARNING] Can't keep up! Did the system time change, or is the server overloaded?
2026-05-13 02:05:26 [INFO] Useless7695 [/127.0.0.1:60124] logged in with entity id 1260 at (0.13425991784707628, -176.31853438452015, 8.945250304647859)
2026-05-13 02:05:32 [WARNING] Useless7695 was kicked for floating too long!
2026-05-13 02:05:32 [WARNING] Useless7695 was kicked for floating too long!
2026-05-13 02:05:32 [WARNING] Useless7695 was kicked for floating too long!
2026-05-13 02:05:32 [WARNING] Useless7695 was kicked for floating too long!
2026-05-13 02:05:32 [WARNING] Useless7695 was kicked for floating too long!
2026-05-13 02:05:32 [WARNING] Useless7695 was kicked for floating too long!
2026-05-13 02:05:32 [WARNING] Useless7695 was kicked for floating too long!
2026-05-13 02:05:32 [WARNING] Useless7695 was kicked for floating too long!
2026-05-13 02:05:32 [WARNING] Useless7695 was kicked for floating too long!
2026-05-13 02:05:32 [WARNING] Useless7695 was kicked for floating too long!
2026-05-13 02:05:32 [WARNING] Useless7695 was kicked for floating too long!
2026-05-13 02:05:32 [WARNING] Useless7695 was kicked for floating too long!
2026-05-13 02:05:32 [WARNING] Useless7695 was kicked for floating too long!
2026-05-13 02:05:32 [WARNING] Useless7695 was kicked for floating too long!
2026-05-13 02:05:32 [WARNING] Useless7695 was kicked for floating too long!
2026-05-13 02:05:32 [WARNING] Useless7695 was kicked for floating too long!
2026-05-13 02:05:32 [WARNING] Useless7695 was kicked for floating too long!
2026-05-13 02:05:32 [WARNING] Useless7695 was kicked for floating too long!
2026-05-13 02:05:32 [WARNING] Useless7695 was kicked for floating too long!
2026-05-13 02:05:32 [WARNING] Useless7695 was kicked for floating too long!
2026-05-13 02:05:32 [WARNING] Useless7695 was kicked for floating too long!
2026-05-13 02:05:32 [WARNING] Useless7695 was kicked for floating too long!
2026-05-13 02:05:32 [WARNING] Useless7695 was kicked for floating too long!
2026-05-13 02:05:32 [WARNING] Useless7695 was kicked for floating too long!
2026-05-13 02:05:32 [WARNING] Useless7695 was kicked for floating too long!
2026-05-13 02:05:32 [WARNING] Useless7695 was kicked for floating too long!
2026-05-13 02:05:32 [WARNING] Useless7695 was kicked for floating too long!
2026-05-13 02:05:32 [WARNING] Useless7695 was kicked for floating too long!
2026-05-13 02:05:32 [WARNING] Useless7695 was kicked for floating too long!
2026-05-13 02:05:32 [INFO] Useless7695 lost connection: disconnect.quitting
2026-05-13 02:05:32 [WARNING] Can't keep up! Did the system time change, or is the server overloaded?
2026-05-13 02:06:21 [INFO] Stopping server
2026-05-13 02:06:21 [INFO] Saving chunks
2026-05-13 02:06:21 [INFO] Saving chunks
